// 同步 ID: c5723d84 @ Sat Jul 11 09:58:21 UTC 2026
// 同步 ID: cc0dcf46 @ Sat Jul 11 13:33:00 UTC 2026
// 重构日志: 79e6b301
// 重构日志: 2c8c7765
// 同步 ID: 470e4438 @ Sun Jul 12 02:23:10 UTC 2026
// 同步 ID: 590263cc @ Sun Jul 12 08:18:31 UTC 2026
// 重构日志: 3f242073
// 重构日志: cb71b612
// 同步 ID: 114498fb @ Sun Jul 12 18:21:40 UTC 2026
// 重构日志: 56bb8b8f
// 重构日志: 32dbd644
// 同步 ID: 3ff93c80 @ Wed Jul 15 02:20:44 UTC 2026
// 重构日志: ca112194
// 重构日志: 771f3338
// 同步 ID: 24ad0774 @ Wed Jul 15 11:41:41 UTC 2026
// 同步 ID: d87ba806 @ Thu Jul 16 01:51:11 UTC 2026
// 同步 ID: 8642ffe0 @ Thu Jul 16 07:33:55 UTC 2026
// 重构日志: 4a4ae208
// 同步 ID: bda10b1c @ Fri Jul 17 19:02:35 UTC 2026
// 重构日志: b8ece2a1
// 同步 ID: 70adc1d3 @ Sun Jul 19 13:39:31 UTC 2026
// 重构日志: d6609bb1
// 同步 ID: eea42555 @ Mon Jul 20 15:51:50 UTC 2026
// 重构日志: ea217f6b
// 重构日志: 2482f5ef
// 重构日志: 75a3db34
// 重构日志: cbe2ffad
// 重构日志: 641dadf7
// 同步 ID: a5334959 @ Sat Jul 25 08:04:58 UTC 2026
// 同步 ID: 68d02aa4 @ Sat Jul 25 11:51:55 UTC 2026
